[technext.github.io/grad-school/index.html]
[backblue.gif]
[fade.gif]
[index.html]
[technext.github.io/grad-school/vendor/bootstrap/css/bootstrap.min.css]
[technext.github.io/grad-school/assets/css/fontawesome.css]
[technext.github.io/grad-school/assets/css/templatemo-grad-school.css]
[technext.github.io/grad-school/assets/css/owl.css]
[technext.github.io/grad-school/assets/css/lightbox.css]
[technext.github.io/grad-school/assets/images/course-video.mp4]
[technext.github.io/grad-school/assets/images/choose-us-image-01.png]
[technext.github.io/grad-school/assets/images/choose-us-image-02.png]
[technext.github.io/grad-school/assets/images/choose-us-image-03.png]
[technext.github.io/grad-school/assets/images/courses-01.jpg]
[technext.github.io/grad-school/assets/images/author-01.png]
[technext.github.io/grad-school/assets/images/courses-02.jpg]
[technext.github.io/grad-school/assets/images/author-02.png]
[technext.github.io/grad-school/assets/images/courses-03.jpg]
[technext.github.io/grad-school/assets/images/author-03.png]
[technext.github.io/grad-school/assets/images/courses-04.jpg]
[technext.github.io/grad-school/assets/images/author-04.png]
[technext.github.io/grad-school/assets/images/courses-05.jpg]
[technext.github.io/grad-school/assets/images/author-05.png]
[technext.github.io/grad-school/assets/images/main-thumb.png]
[technext.github.io/grad-school/vendor/jquery/jquery.min.js]
[technext.github.io/grad-school/vendor/bootstrap/js/bootstrap.bundle.min.js]
[technext.github.io/grad-school/assets/js/isotope.min.js]
[technext.github.io/grad-school/assets/js/owl-carousel.js]
[technext.github.io/grad-school/assets/js/lightbox.js]
[technext.github.io/grad-school/assets/js/tabs.js]
[technext.github.io/grad-school/assets/js/video.js]
[technext.github.io/grad-school/assets/js/slick-slider.js]
[technext.github.io/grad-school/index.html]
[technext.github.io/grad-school/assets/js/custom.js]
[fonts.googleapis.com/css0fc8.css]
[technext.github.io/grad-school/vendor/bootstrap/css/bootstrap.min.css]
[technext.github.io/grad-school/assets/fonts/fontawesome-webfonte0a5.eot]
[technext.github.io/grad-school/assets/fonts/fontawesome-webfontd41d.eot]
[technext.github.io/grad-school/assets/fonts/fontawesome-webfonte0a5.woff2]
[technext.github.io/grad-school/assets/fonts/fontawesome-webfonte0a5.woff]
[technext.github.io/grad-school/assets/fonts/fontawesome-webfonte0a5.ttf]
[technext.github.io/grad-school/assets/css/fontawesome.css]
[technext.github.io/grad-school/assets/fonts/fontawesome-webfonte0a5.svg]
[technext.github.io/grad-school/assets/images/choosing-bg.jpg]
[technext.github.io/grad-school/assets/images/coming-soon-bg.jpg]
[technext.github.io/grad-school/assets/images/video-bg.jpg]
[technext.github.io/grad-school/assets/images/contact-bg.jpg]
[technext.github.io/grad-school/assets/css/templatemo-grad-school.css]
[technext.github.io/grad-school/assets/images/coming-soon-bg.jpg]
[technext.github.io/grad-school/assets/images/video-bg.jpg]
[technext.github.io/grad-school/assets/css/owl.video.play.png]
[technext.github.io/grad-school/assets/css/owl.css]
[technext.github.io/grad-school/assets/images/loading.gif]
[technext.github.io/grad-school/assets/images/prev.png]
[technext.github.io/grad-school/assets/images/next.png]
[technext.github.io/grad-school/assets/images/close.png]
[technext.github.io/grad-school/assets/css/lightbox.css]
[technext.github.io/grad-school/vendor/bootstrap/js/bootstrap.bundle.min.html]
[technext.github.io/grad-school/assets/fonts/fontawesome-webfonte0a5.svg]
[technext.github.io/grad-school/assets/css/owl.video.play.html]
